// Jest Snapshot v1, https://goo.gl/fbAQLP

exports[`PageTemplate should match the snapshot 1`] = `
<div
  class="flex flex-col h-full bg-background overflow-x-auto"
>
  Header
  <div
    class="flex-1 overflow-y-auto"
  >
    Children
  </div>
  Footer
</div>
`;
