// Jest Snapshot v1, https://goo.gl/fbAQLP

exports[`NavigationMenu NavigationSubMenu should match the snapshot 1`] = `
<body>
  <div>
    <button>
      menuButton
    </button>
  </div>
  <div
    class="szh-menu-container szh-menu-container--itemTransition"
    style="position: relative;"
  >
    <ul
      aria-label="Menu"
      class="szh-menu szh-menu--state-opening szh-menu--dir-bottom shadow bg-white px-1.5 py-2.5 border-0 rounded-bl min-w-[134px] space-y-1 slideReverse"
      role="menu"
      style="margin: 0px; position: absolute; left: 0px; top: 0px;"
      tabindex="-1"
    >
      <div
        style="position: absolute; left: 0px; top: 0px;"
        tabindex="-1"
      />
      <li
        class="szh-menu__submenu"
        role="presentation"
        style="position: relative;"
      >
        <div
          aria-expanded="false"
          aria-haspopup="true"
          class="szh-menu__item szh-menu__item--submenu font-bold text-[11px] leading-[13px] rounded transition-colors motion-reduce:transition-none focus:bg-red text-primary"
          role="menuitem"
          tabindex="-1"
        >
          <a
            class="flex place-content-between px-1.5 py-[3px] active"
            href="/"
            tabindex="-1"
          >
            navigationSubMenu
            <div
              class="fill-current w-[1em] h-[1em] inline-block text-lg -rotate-90 ml-1"
              data-icon="arrow_drop_down"
            />
          </a>
        </div>
      </li>
    </ul>
  </div>
</body>
`;
