// Jest Snapshot v1, https://goo.gl/fbAQLP

exports[`DatePicker should match the snapshot 1`] = `
<div>
  <div
    class="border border-gray-medium divide-x divide-gray-medium rounded inline-flex transition cursor-pointer hover:border-white hover:divide-white hover:bg-silver hover:shadow-md specific:divider-gray-light"
  >
    <div
      class="flex items-center py-1 transition pl-3 pr-2"
    >
      <div
        class="fill-current w-[1em] h-[1em] inline-block text-lg mr-1"
        data-icon="date_range"
      />
      <input
        aria-label="Datum"
        class=" w-[75px] rounded-sm transition-[outline-color,background-color] bg-transparent font-bold text-center outline-transparent focus-visible:bg-silver focus-visible:outline focus-visible:outline-1 focus-visible:outline-gray-medium focus-visible:outline-offset-0 "
        placeholder="TT.MM.JJJJ"
        value=""
      />
      <button
        aria-label="Kalendar ein-/ausschalten"
        class="transition text-gray-medium hover:text-gray-dark"
      >
        <div
          class="fill-current w-[1em] h-[1em] inline-block text-2xl"
          data-icon="arrow_drop_down"
        />
      </button>
    </div>
  </div>
</div>
`;
