// Jest Snapshot v1, https://goo.gl/fbAQLP

exports[`Toast should match the snapshot for unknown variant 1`] = `
<div
  class="Toastify"
/>
`;
