// Jest Snapshot v1, https://goo.gl/fbAQLP

exports[`ButtonGroup should match the snapshot 1`] = `
<div
  class="inline-flex rounded shadow bg-gradient-to-l bg-gradient-primary divide-primary divide-x"
>
  <button
    class="inline-flex justify-center gap-1 font-button-text items-center transition focus-visible:outline-dashed focus-visible:outline-primary focus-visible:outline-offset-1 disabled:pointer-events-none specificity-up:bg-blue-100 min-h-[28px] min-w-[28px] text-white relative overflow-hidden isolate before:bg-gray-dark before:absolute before:inset-0 before:z-[-1] before:opacity-0 before:transition-opacity hover:shadow-md hover:before:opacity-100 disabled:bg-gray-medium disabled:bg-none disabled:text-gray-light disabled:shadow-none first:rounded-l last:rounded-r bg-transparent px-3 py-[0.4375rem] "
    type="button"
  >
    Text
  </button>
</div>
`;
