// Jest Snapshot v1, https://goo.gl/fbAQLP

exports[`Input should match the snapshot 1`] = `
<label
  class="border rounded transition inline-flex items-center relative overflow-hidden border-gray-medium hover:border-white hover:bg-silver hover:shadow"
>
  <input
    class="border-0 px-[0.6875rem] py-1.5 w-full bg-transparent text-gray-dark placeholder-gray-medium focus:outline-none text-base"
    value=""
  />
</label>
`;
